Tokens:

y : IDENTIFIER
:= : PUNCTUATION
3 : NUMBER
; : PUNCTUATION
x : IDENTIFIER
:= : PUNCTUATION
104 : NUMBER
; : PUNCTUATION
z : IDENTIFIER
:= : PUNCTUATION
20 : NUMBER
/ : PUNCTUATION
3 : NUMBER
; : PUNCTUATION
if : KEYWORD
y : IDENTIFIER
- : PUNCTUATION
2 : NUMBER
then : KEYWORD
skip : KEYWORD
else : KEYWORD
z : IDENTIFIER
:= : PUNCTUATION
x : IDENTIFIER
/ : PUNCTUATION
y : IDENTIFIER
; : PUNCTUATION
y : IDENTIFIER
:= : PUNCTUATION
52 : NUMBER
+ : PUNCTUATION
y : IDENTIFIER
endif : KEYWORD
; : PUNCTUATION
way : IDENTIFIER
:= : PUNCTUATION
4 : NUMBER

AST:

; : PUNCTUATION
	; : PUNCTUATION
		; : PUNCTUATION
			; : PUNCTUATION
				:= : PUNCTUATION
					y : IDENTIFIER
					3 : NUMBER
				:= : PUNCTUATION
					x : IDENTIFIER
					104 : NUMBER
			:= : PUNCTUATION
				z : IDENTIFIER
				/ : PUNCTUATION
					20 : NUMBER
					3 : NUMBER
		if : KEYWORD
			- : PUNCTUATION
				y : IDENTIFIER
				2 : NUMBER
			skip : KEYWORD
			; : PUNCTUATION
				:= : PUNCTUATION
					z : IDENTIFIER
					/ : PUNCTUATION
						x : IDENTIFIER
						y : IDENTIFIER
				:= : PUNCTUATION
					y : IDENTIFIER
					+ : PUNCTUATION
						52 : NUMBER
						y : IDENTIFIER
	:= : PUNCTUATION
		way : IDENTIFIER
		4 : NUMBER

Output:
y = 3
x = 104
z = 6
way = 4
